../Core/Src/main.c:140:5:main	8	static
../Core/Src/main.c:247:6:SystemClock_Config	88	static
../Core/Src/main.c:294:13:MX_ADC1_Init	24	static
../Core/Src/main.c:341:13:MX_I2C1_Init	8	static
../Core/Src/main.c:375:13:MX_USART1_UART_Init	8	static
../Core/Src/main.c:408:13:MX_GPIO_Init	40	static
../Core/Src/main.c:439:6:Menu_Display	72	static
../Core/Src/main.c:458:6:StartDefaultTask	16	static
../Core/Src/main.c:476:6:pickButton	16	static
../Core/Src/main.c:507:6:getADC	16	static
../Core/Src/main.c:534:6:dispOLED	16	static
../Core/Src/main.c:559:6:dispUART	16	static
../Core/Src/main.c:610:6:HAL_TIM_PeriodElapsedCallback	16	static
../Core/Src/main.c:627:6:Error_Handler	4	static,ignoring_inline_asm
